// Jest Snapshot v1, https://goo.gl/fbAQLP

exports[`Home Component renders as expected 1`] = `null`;
