// Jest Snapshot v1, https://goo.gl/fbAQLP

exports[`Index Component renders as expected 1`] = `
<div>
  <TopSection />
</div>
`;
